---
source: tests/diagram_golden_test.rs
expression: "svg::render(&graph)"
---
<svg xmlns="http://www.w3.org/2000/svg" viewBox="0 0 868 308" width="868" height="308" font-family="Arial, Helvetica, sans-serif">
  <rect width="868" height="308" fill="white"/>
  <defs>
    <marker id="arrow" viewBox="0 0 10 10" refX="10" refY="5" markerWidth="6" markerHeight="6" orient="auto-start-reverse">
      <path d="M 0 0 L 10 5 L 0 10 z" fill="#605E5C"/>
    </marker>
  </defs>
  <text x="434" y="28" font-size="18" font-weight="bold" text-anchor="middle" fill="#323130">Azure estate — tenant fixture-tenant</text>
  <g transform="translate(20,48)">
    <rect x="24" y="24" width="804" height="216" rx="8" fill="#FFFFFF" stroke="#605E5C" stroke-width="1.5"/>
    <text x="426" y="39" font-size="12" font-weight="bold" text-anchor="middle" fill="#323130">Tenant fixture-tenant</text>
    <rect x="48" y="78" width="248" height="138" rx="8" fill="#E8F1FA" stroke="#0078D4" stroke-width="1.5"/>
    <text x="172" y="93" font-size="12" font-weight="bold" text-anchor="middle" fill="#323130">Development</text>
    <text x="172" y="104" font-size="9" text-anchor="middle" fill="#605E5C">2 resources</text>
    <rect x="72" y="132" width="200" height="60" rx="8" fill="#F3F2F1" stroke="#8A8886" stroke-width="1.5"/>
    <text x="172" y="159" font-size="12" font-weight="bold" text-anchor="middle" fill="#323130">rg-dev</text>
    <text x="172" y="173" font-size="9" text-anchor="middle" fill="#605E5C">2 resources</text>
    <rect x="326" y="78" width="478" height="138" rx="8" fill="#E8F1FA" stroke="#0078D4" stroke-width="1.5"/>
    <text x="565" y="93" font-size="12" font-weight="bold" text-anchor="middle" fill="#323130">Production</text>
    <text x="565" y="104" font-size="9" text-anchor="middle" fill="#605E5C">13 resources</text>
    <rect x="350" y="132" width="200" height="60" rx="8" fill="#F3F2F1" stroke="#8A8886" stroke-width="1.5"/>
    <text x="450" y="159" font-size="12" font-weight="bold" text-anchor="middle" fill="#323130">rg-app</text>
    <text x="450" y="173" font-size="9" text-anchor="middle" fill="#605E5C">10 resources</text>
    <rect x="580" y="132" width="200" height="60" rx="8" fill="#F3F2F1" stroke="#8A8886" stroke-width="1.5"/>
    <text x="680" y="159" font-size="12" font-weight="bold" text-anchor="middle" fill="#323130">rg-network</text>
    <text x="680" y="173" font-size="9" text-anchor="middle" fill="#605E5C">3 resources</text>
  </g>
</svg>
