---
source: tests/diagram_golden_test.rs
assertion_line: 75
expression: "mermaid::render(&graph, &labels())"
---
---
title: Azure network topology
---
flowchart LR
    subgraph n0["vnet-app<br/><i>10.1.0.0/16</i>"]
        subgraph n1["app<br/><i>10.1.0.0/24</i>"]
            n15["pe-sql<br/><i>Private Endpoint</i>"]
            class n15 resource
            n16["vm-app-01<br/><i>Virtual Machine</i>"]
            class n16 resource
        end
        class n1 subnet
        subgraph n2["agw<br/><i>10.1.1.0/24</i>"]
            n14["agw-prod<br/><i>Application Gateway</i>"]
            class n14 resource
        end
        class n2 subnet
        subgraph n3["aks<br/><i>10.1.2.0/23</i>"]
            n10["aks-nodepool1-12345678-vmss<br/><i>VM Scale Set</i>"]
            class n10 resource
            n12["aks-prod<br/><i>AKS Cluster</i>"]
            class n12 resource
        end
        class n3 subnet
        subgraph n4["db<br/><i>10.1.4.0/24</i>"]
            n13["psql-prod<br/><i>PostgreSQL Flexible Server</i>"]
            class n13 resource
        end
        class n4 subnet
        subgraph n5["cae<br/><i>10.1.8.0/21</i>"]
            n11["cae-prod<br/><i>Container Apps Environment</i>"]
            class n11 resource
        end
        class n5 subnet
    end
    class n0 vnet
    subgraph n6["vnet-hub<br/><i>10.0.0.0/16</i>"]
        subgraph n7["gateway<br/><i>10.0.0.0/24</i>"]
            n18["vgw-hub<br/><i>Virtual Network Gateway</i>"]
            class n18 resource
        end
        class n7 subnet
        n8["shared<br/><i>10.0.1.0/24</i>"]
        class n8 subnet
        subgraph n9["AzureFirewallSubnet<br/><i>10.0.2.0/24</i>"]
            n17["fw-hub<br/><i>Azure Firewall</i>"]
            class n17 resource
        end
        class n9 subnet
    end
    class n6 vnet
    subgraph n21["Connected services<br/><i>NSGs & private-link targets</i>"]
        n19["sql-prod<br/><i>SQL Server</i>"]
        class n19 resource
        n20["nsg-app<br/><i>NSG</i>"]
        class n20 resource
    end
    class n21 rg
    n15-.-|private link|n19
    n0-.-|Connected|n6
    n20-.-n8
    linkStyle 0 stroke-dasharray:1 3
    linkStyle 2 stroke-dasharray:1 3
    subgraph legend["Legend"]
        lg_vnet["Virtual network"]
        class lg_vnet vnet
        lg_subnet["Subnet"]
        class lg_subnet subnet
    end
    class legend legend
    classDef subscription fill:#e8f1fa,stroke:#0078d4
    classDef rg fill:#f3f2f1,stroke:#8a8886
    classDef vnet fill:#e6f5e6,stroke:#107c10
    classDef subnet fill:#fff,stroke:#8a8886
    classDef zone fill:#fdf6ec,stroke:#d97706
    classDef resource fill:#fff,stroke:#605e5c
    classDef legend fill:#fff,stroke:#8a8886,stroke-dasharray:4 3
