---
source: tests/diagram_golden_test.rs
expression: "drawio::render(&graph)"
---
<?xml version="1.0" encoding="UTF-8"?>
<mxfile host="azdocs" type="device">
  <diagram name="Azure estate — tenant fixture-tenant" id="azdocs-0">
    <mxGraphModel dx="1000" dy="800" grid="0" gridSize="10" guides="1" tooltips="1" connect="1" arrows="1" fold="1" page="1" pageScale="1" pageWidth="1169" pageHeight="826" math="0" shadow="0">
      <root>
        <mxCell id="0"/>
        <mxCell id="1" parent="0"/>
        <mxCell id="n0" value="Tenant fixture-tenant" style="swimlane;html=1;startSize=30;rounded=1;arcSize=6;fillColor=#FFFFFF;strokeColor=#605E5C;fontSize=12;fontStyle=1;verticalAlign=top;horizontal=1;collapsible=0;" parent="1" vertex="1">
          <mxGeometry x="24" y="24" width="804" height="216" as="geometry"/>
        </mxCell>
        <mxCell id="n1" value="Development
2 resources" style="swimlane;html=1;startSize=30;rounded=1;arcSize=6;fillColor=#E8F1FA;strokeColor=#0078D4;fontSize=12;fontStyle=1;verticalAlign=top;horizontal=1;collapsible=0;" parent="n0" vertex="1">
          <mxGeometry x="24" y="54" width="248" height="138" as="geometry"/>
        </mxCell>
        <mxCell id="n2" value="rg-dev
2 resources" style="rounded=1;html=1;whiteSpace=wrap;fillColor=#F3F2F1;strokeColor=#8A8886;verticalAlign=middle;fontSize=12;" parent="n1" vertex="1">
          <mxGeometry x="24" y="54" width="200" height="60" as="geometry"/>
        </mxCell>
        <mxCell id="n3" value="Production
13 resources" style="swimlane;html=1;startSize=30;rounded=1;arcSize=6;fillColor=#E8F1FA;strokeColor=#0078D4;fontSize=12;fontStyle=1;verticalAlign=top;horizontal=1;collapsible=0;" parent="n0" vertex="1">
          <mxGeometry x="302" y="54" width="478" height="138" as="geometry"/>
        </mxCell>
        <mxCell id="n4" value="rg-app
10 resources" style="rounded=1;html=1;whiteSpace=wrap;fillColor=#F3F2F1;strokeColor=#8A8886;verticalAlign=middle;fontSize=12;" parent="n3" vertex="1">
          <mxGeometry x="24" y="54" width="200" height="60" as="geometry"/>
        </mxCell>
        <mxCell id="n5" value="rg-network
3 resources" style="rounded=1;html=1;whiteSpace=wrap;fillColor=#F3F2F1;strokeColor=#8A8886;verticalAlign=middle;fontSize=12;" parent="n3" vertex="1">
          <mxGeometry x="254" y="54" width="200" height="60" as="geometry"/>
        </mxCell>
      </root>
    </mxGraphModel>
  </diagram>
</mxfile>
