---
source: tests/diagram_golden_test.rs
expression: "mermaid::render(&graph)"
---
---
title: Azure resources
---
flowchart LR
    subgraph n0["Development"]
        subgraph n1["rg-dev"]
            n2["id-web-dev<br/><i>Managed Identity</i>"]
            class n2 resource
            n3["asp-dev<br/><i>App Service Plan</i>"]
            class n3 resource
            n4["web-dev<br/><i>App Service / Function App</i>"]
            class n4 resource
        end
        class n1 rg
    end
    class n0 subscription
    subgraph n5["Production"]
        subgraph n6["rg-app"]
            n7["vm-app-01-os<br/><i>Managed Disk</i>"]
            class n7 resource
            n8["vm-app-01<br/><i>Virtual Machine</i>"]
            class n8 resource
            n9["hp-prod<br/><i>AVD Host Pool</i>"]
            class n9 resource
            n10["vm-app-01-nic<br/><i>Network Interface</i>"]
            class n10 resource
            n11["pe-sql<br/><i>Private Endpoint</i>"]
            class n11 resource
            n12["vm-app-01-pip<br/><i>Public IP Address</i>"]
            class n12 resource
            n13["vnet-app<br/><i>Virtual Network</i>"]
            class n13 resource
            n14["law-prod<br/><i>Log Analytics Workspace</i>"]
            class n14 resource
            n15["sql-prod<br/><i>SQL Server</i>"]
            class n15 resource
            n16["app-db<br/><i>SQL Database</i>"]
            class n16 resource
            n17["stprodapp01<br/><i>Storage Account</i>"]
            class n17 resource
        end
        class n6 rg
        subgraph n18["rg-network"]
            n19["nsg-app<br/><i>Network Security Group</i>"]
            class n19 resource
            n20["nsg-unused<br/><i>Network Security Group</i>"]
            class n20 resource
            n21["vnet-hub<br/><i>Virtual Network</i>"]
            class n21 resource
        end
        class n18 rg
    end
    class n5 subscription
    n7---n8
    n10---n8
    n11-.-|private link|n15
    n12---n10
    n16---n15
    classDef subscription fill:#e8f1fa,stroke:#0078d4
    classDef rg fill:#f3f2f1,stroke:#8a8886
    classDef vnet fill:#e6f5e6,stroke:#107c10
    classDef subnet fill:#fff,stroke:#8a8886
    classDef unnetworked fill:#fdf6ec,stroke:#d97706
    classDef resource fill:#fff,stroke:#605e5c
