---
source: tests/diagram_golden_test.rs
expression: "drawio::render(&graph)"
---
<?xml version="1.0" encoding="UTF-8"?>
<mxfile host="azdocs" type="device">
  <diagram name="Azure network topology" id="azdocs-0">
    <mxGraphModel dx="1000" dy="800" grid="0" gridSize="10" guides="1" tooltips="1" connect="1" arrows="1" fold="1" page="1" pageScale="1" pageWidth="1169" pageHeight="826" math="0" shadow="0">
      <root>
        <mxCell id="0"/>
        <mxCell id="1" parent="0"/>
        <mxCell id="n0" value="vnet-app
10.1.0.0/16" style="swimlane;html=1;startSize=30;rounded=1;arcSize=6;fillColor=#E6F5E6;strokeColor=#107C10;fontSize=12;fontStyle=1;verticalAlign=top;horizontal=1;collapsible=0;" parent="1" vertex="1">
          <mxGeometry x="20" y="20" width="320" height="230" as="geometry"/>
        </mxCell>
        <mxCell id="n1" value="app
10.1.0.0/24" style="swimlane;html=1;startSize=30;rounded=1;arcSize=6;fillColor=#F0FAF0;strokeColor=#4C9A4C;fontSize=12;fontStyle=1;verticalAlign=top;horizontal=1;collapsible=0;" parent="n0" vertex="1">
          <mxGeometry x="20" y="50" width="280" height="160" as="geometry"/>
        </mxCell>
        <mxCell id="n2" value="vnet-hub
10.0.0.0/16" style="swimlane;html=1;startSize=30;rounded=1;arcSize=6;fillColor=#E6F5E6;strokeColor=#107C10;fontSize=12;fontStyle=1;verticalAlign=top;horizontal=1;collapsible=0;" parent="1" vertex="1">
          <mxGeometry x="360" y="20" width="460" height="130" as="geometry"/>
        </mxCell>
        <mxCell id="n3" value="gateway
10.0.0.0/24" style="rounded=1;html=1;whiteSpace=wrap;fillColor=#F0FAF0;strokeColor=#4C9A4C;verticalAlign=middle;fontSize=12;" parent="n2" vertex="1">
          <mxGeometry x="20" y="50" width="200" height="60" as="geometry"/>
        </mxCell>
        <mxCell id="n4" value="shared
10.0.1.0/24" style="rounded=1;html=1;whiteSpace=wrap;fillColor=#F0FAF0;strokeColor=#4C9A4C;verticalAlign=middle;fontSize=12;" parent="n2" vertex="1">
          <mxGeometry x="240" y="50" width="200" height="60" as="geometry"/>
        </mxCell>
        <mxCell id="n5" value="vm-app-01
Virtual Machine" style="image;aspect=fixed;html=1;points=[];align=center;fontSize=10;labelPosition=center;verticalLabelPosition=bottom;verticalAlign=top;image=img/lib/azure2/compute/Virtual_Machine.svg;" parent="n1" vertex="1">
          <mxGeometry x="20" y="50" width="110" height="90" as="geometry"/>
        </mxCell>
        <mxCell id="n6" value="pe-sql
Private Endpoint" style="image;aspect=fixed;html=1;points=[];align=center;fontSize=10;labelPosition=center;verticalLabelPosition=bottom;verticalAlign=top;image=img/lib/azure2/networking/Private_Link.svg;" parent="n1" vertex="1">
          <mxGeometry x="150" y="50" width="110" height="90" as="geometry"/>
        </mxCell>
        <mxCell id="n7" value="sql-prod
SQL Server" style="image;aspect=fixed;html=1;points=[];align=center;fontSize=10;labelPosition=center;verticalLabelPosition=bottom;verticalAlign=top;image=img/lib/azure2/databases/SQL_Server.svg;" parent="1" vertex="1">
          <mxGeometry x="840" y="20" width="110" height="90" as="geometry"/>
        </mxCell>
        <mxCell id="n8" value="nsg-app
NSG" style="image;aspect=fixed;html=1;points=[];align=center;fontSize=10;labelPosition=center;verticalLabelPosition=bottom;verticalAlign=top;image=img/lib/azure2/networking/Network_Security_Groups.svg;" parent="1" vertex="1">
          <mxGeometry x="20" y="270" width="110" height="90" as="geometry"/>
        </mxCell>
        <mxCell id="e0" value="private link" style="edgeStyle=orthogonalEdgeStyle;rounded=1;html=1;dashed=1;dashPattern=1 3;endArrow=open;strokeColor=#8A8886;fontSize=10;" parent="1" source="n6" target="n7" edge="1">
          <mxGeometry relative="1" as="geometry"/>
        </mxCell>
        <mxCell id="e1" value="Connected" style="edgeStyle=orthogonalEdgeStyle;rounded=1;html=1;dashed=1;endArrow=none;startArrow=none;strokeColor=#0078D4;fontSize=10;" parent="1" source="n0" target="n2" edge="1">
          <mxGeometry relative="1" as="geometry"/>
        </mxCell>
        <mxCell id="e2" style="edgeStyle=orthogonalEdgeStyle;rounded=1;html=1;dashed=1;dashPattern=1 3;endArrow=open;strokeColor=#8A8886;fontSize=10;" parent="1" source="n8" target="n4" edge="1">
          <mxGeometry relative="1" as="geometry"/>
        </mxCell>
      </root>
    </mxGraphModel>
  </diagram>
</mxfile>
