---
source: tests/report_golden_test.rs
expression: "std::fs::read_to_string(&out).unwrap()"
---
<!doctype html>
<html lang="en">
<head>
<meta charset="utf-8">
<title>Azure Estate Report — fixture-tenant</title>
<style>
/* Every colour and face below comes from the resolved theme
   (src/report/theme.rs), so the HTML matches the PDF and DOCX. */
:root { --bg:#faf8f4; --fg:#1c2430;
        --muted:#5a6470; --border:#d8d2c6;
        --primary:#1c2430; --accent:#0078d4;
        --accent-dark:#14181d;
        --tint:#f3efe7; --zebra:#f3efe7;
        --on-accent:#faf8f4;
        --high:#a83a22; --high-fill:#f5e4df;
        --medium:#8a6d00; --medium-fill:#f3edd1;
        --low:#5a6470; --low-fill:#f3efe7;
        --info:#0078d4; --info-fill:#e6f2fb;
        --radius:3.0px; }
@media (prefers-color-scheme: dark) {
  :root { --bg:#14181d; --fg:#e9e4da; --muted:#9a958a; --border:#3a4048; --zebra:#10141a;
          --tint:#10141a; --accent:#4da3e8; }
}
/* The vendored PDF face first; an uninstalled IBM Plex falls through to the
   platform stack rather than forcing a web-font download. */
body { font: 15px/1.35 "IBM Plex Sans", -apple-system, "Segoe UI", Roboto, sans-serif;
       background: var(--bg); color: var(--fg); max-width: 1100px; margin: 0 auto; padding: 2rem 1rem; }
h1,h2,h3 { font-family: "IBM Plex Serif", Georgia, serif; line-height: 1.2; }
h2 { border-bottom: 1px solid var(--border); padding-bottom: .3rem; margin-top: 2.5rem; }
table { border-collapse: collapse; width: 100%; margin: 1rem 0; font-size: 14px; }
th, td { text-align: left; padding: .35rem .6rem; border-bottom: 1px solid var(--border); vertical-align: top; }
th { position: sticky; top: 0;
     background: transparent;
     color: var(--fg); }
code { font-family: "IBM Plex Mono", ui-monospace, SFMono-Regular, Menlo, monospace;
       background: var(--tint); padding: .1em .3em; border-radius: 3px; font-size: 90%; word-break: break-all; }
.badge { display: inline-block; padding: .05em .55em; border-radius: 999px; font-size: 12px; font-weight: 600; text-transform: uppercase; }
.badge.high { background: var(--high-fill); color: var(--high); }
.badge.medium { background: var(--medium-fill); color: var(--medium); }
.badge.low { background: var(--low-fill); color: var(--low); }
.badge.info { background: var(--info-fill); color: var(--info); }
.stats { display: flex; gap: 1rem; flex-wrap: wrap; margin: 1.5rem 0; }
.stat {
        border-radius: var(--radius); padding: .8rem 1.2rem; min-width: 8rem; }
.stat b { display: block; font-family: "IBM Plex Serif", Georgia, serif;
          font-size: 1.6rem; color: var(--accent-dark); }
.stat span { color: var(--muted); font-size: 13px; }
.meta { color: var(--muted); font-size: 13px; }
input.filter { width: 100%; max-width: 24rem; padding: .4rem .6rem; margin: .3rem 0;
       border: 1px solid var(--border); border-radius: 6px; background: var(--bg); color: var(--fg); }
details { margin: 1rem 0; } summary { cursor: pointer; font-weight: 600; }
</style>
</head>
<body>
<h1>Azure Estate Report</h1>
<p class="meta">Snapshot <code>[snapshot-id]</code> · collected [timestamp] · tenant <code>fixture-tenant</code> · status complete · golden fixture</p>

<div class="stats">
  <div class="stat"><b>2</b><span>subscriptions</span></div>
  <div class="stat"><b>3</b><span>resource groups</span></div>
  <div class="stat"><b>18</b><span>resources</span></div>
  <div class="stat"><b>13</b><span>findings</span></div>
  <div class="stat"><b>50%</b><span>tag coverage</span></div>
</div>

<h2>Findings</h2>
<p>
<span class="badge high">2 high</span>
<span class="badge medium">1 medium</span>
<span class="badge low">9 low</span>
<span class="badge info">1 info</span>
</p>

<input class="filter" type="search" placeholder="Filter findings..." oninput="filterTable(this, 'findings-table')">
<table id="findings-table">
<thead><tr><th>Severity</th><th>Title</th><th>Category</th><th>Check</th><th>Resource</th></tr></thead>
<tbody>
<tr><td><span class="badge high">high</span></td>
<td>nsg-app: rule allow-ssh allows Internet -> port 22</td><td>security</td><td><code>nsg_open_to_internet</code></td>
<td><code>/subscriptions/sub-prod/resourcegroups/rg-network/providers/microsoft.network/networksecuritygroups/nsg-app</code></td></tr>
<tr><td><span class="badge high">high</span></td>
<td>stprodapp01 allows public blob access</td><td>security</td><td><code>storage_public_blob_access</code></td>
<td><code>/subscriptions/sub-prod/resourcegroups/rg-app/providers/microsoft.storage/storageaccounts/stprodapp01</code></td></tr>
<tr><td><span class="badge medium">medium</span></td>
<td>web-dev does not enforce HTTPS-only traffic</td><td>security</td><td><code>web_app_https_only_disabled</code></td>
<td><code>/subscriptions/sub-dev/resourcegroups/rg-dev/providers/microsoft.web/sites/web-dev</code></td></tr>
<tr><td><span class="badge low">low</span></td>
<td>asp-dev is missing tags: env</td><td>governance</td><td><code>missing_required_tags</code></td>
<td><code>/subscriptions/sub-dev/resourcegroups/rg-dev/providers/microsoft.web/serverfarms/asp-dev</code></td></tr>
<tr><td><span class="badge low">low</span></td>
<td>id-web-dev is missing tags: env</td><td>governance</td><td><code>missing_required_tags</code></td>
<td><code>/subscriptions/sub-dev/resourcegroups/rg-dev/providers/microsoft.managedidentity/userassignedidentities/id-web-dev</code></td></tr>
<tr><td><span class="badge low">low</span></td>
<td>pe-sql is missing tags: env</td><td>governance</td><td><code>missing_required_tags</code></td>
<td><code>/subscriptions/sub-prod/resourcegroups/rg-app/providers/microsoft.network/privateendpoints/pe-sql</code></td></tr>
<tr><td><span class="badge low">low</span></td>
<td>pe-sql.nic.4f2a is missing tags: env</td><td>governance</td><td><code>missing_required_tags</code></td>
<td><code>/subscriptions/sub-prod/resourcegroups/rg-app/providers/microsoft.network/networkinterfaces/pe-sql.nic.4f2a</code></td></tr>
<tr><td><span class="badge low">low</span></td>
<td>stprodapp01 is missing tags: env</td><td>governance</td><td><code>missing_required_tags</code></td>
<td><code>/subscriptions/sub-prod/resourcegroups/rg-app/providers/microsoft.storage/storageaccounts/stprodapp01</code></td></tr>
<tr><td><span class="badge low">low</span></td>
<td>vm-app-01-nic is missing tags: env</td><td>governance</td><td><code>missing_required_tags</code></td>
<td><code>/subscriptions/sub-prod/resourcegroups/rg-app/providers/microsoft.network/networkinterfaces/vm-app-01-nic</code></td></tr>
<tr><td><span class="badge low">low</span></td>
<td>vm-app-01-os is missing tags: env</td><td>governance</td><td><code>missing_required_tags</code></td>
<td><code>/subscriptions/sub-prod/resourcegroups/rg-app/providers/microsoft.compute/disks/vm-app-01-os</code></td></tr>
<tr><td><span class="badge low">low</span></td>
<td>vm-app-01-pip is missing tags: env</td><td>governance</td><td><code>missing_required_tags</code></td>
<td><code>/subscriptions/sub-prod/resourcegroups/rg-app/providers/microsoft.network/publicipaddresses/vm-app-01-pip</code></td></tr>
<tr><td><span class="badge low">low</span></td>
<td>web-dev is missing tags: env</td><td>governance</td><td><code>missing_required_tags</code></td>
<td><code>/subscriptions/sub-dev/resourcegroups/rg-dev/providers/microsoft.web/sites/web-dev</code></td></tr>
<tr><td><span class="badge info">info</span></td>
<td>nsg-unused is not associated with any subnet or NIC</td><td>security</td><td><code>unassociated_nsgs</code></td>
<td><code>/subscriptions/sub-prod/resourcegroups/rg-network/providers/microsoft.network/networksecuritygroups/nsg-unused</code></td></tr>
</tbody>
</table>


<h2>Governance</h2>
<div class="stats">
  <div class="stat"><b>50%</b><span>tag coverage</span></div>
  <div class="stat"><b>1</b><span>distinct keys</span></div>
  <div class="stat"><b>9</b><span>non-compliant</span></div>
</div>

<table>
<thead><tr><th>Tag key</th><th>Resources</th><th>Share of 9 tagged</th></tr></thead>
<tbody>
<tr><td><code>env</code></td><td>9</td><td>100%</td></tr>
</tbody>
</table>

<table>
<thead><tr><th>Subscription</th><th>Tag coverage</th><th>Status</th></tr></thead>
<tbody>
<tr><td>Development</td><td>0%</td>
<td><span class="badge medium">below threshold</span></td></tr>
<tr><td>Production</td><td>60%</td>
<td><span class="badge info">healthy</span></td></tr>
</tbody>
</table>

<p>9 resources are missing at least one required tag, recorded by the <code>missing_required_tags</code> audit.</p>
<table>
<thead><tr><th>Resource group</th><th>Subscription</th><th>Resources</th><th>Non-compliant</th><th>Missed tags</th></tr></thead>
<tbody>
<tr><td>rg-app</td><td>Production</td><td>12</td>
<td>6</td>
<td><code>env</code></td></tr>
<tr><td>rg-dev</td><td>Development</td><td>3</td>
<td><span class="badge high">3</span></td>
<td><code>env</code></td></tr>
</tbody>
</table>

<h2>Resources by type</h2>
<table>
<thead><tr><th>Type</th><th>Azure type</th><th>Count</th></tr></thead>
<tbody>
<tr><td>Network Interface</td><td><code>microsoft.network/networkinterfaces</code></td><td>2</td></tr>
<tr><td>Network Security Group</td><td><code>microsoft.network/networksecuritygroups</code></td><td>2</td></tr>
<tr><td>Virtual Network</td><td><code>microsoft.network/virtualnetworks</code></td><td>2</td></tr>
<tr><td>Managed Disk</td><td><code>microsoft.compute/disks</code></td><td>1</td></tr>
<tr><td>Virtual Machine</td><td><code>microsoft.compute/virtualmachines</code></td><td>1</td></tr>
<tr><td>AVD Host Pool</td><td><code>microsoft.desktopvirtualization/hostpools</code></td><td>1</td></tr>
<tr><td>Managed Identity</td><td><code>microsoft.managedidentity/userassignedidentities</code></td><td>1</td></tr>
<tr><td>Private Endpoint</td><td><code>microsoft.network/privateendpoints</code></td><td>1</td></tr>
<tr><td>Public IP Address</td><td><code>microsoft.network/publicipaddresses</code></td><td>1</td></tr>
<tr><td>Log Analytics Workspace</td><td><code>microsoft.operationalinsights/workspaces</code></td><td>1</td></tr>
<tr><td>SQL Server</td><td><code>microsoft.sql/servers</code></td><td>1</td></tr>
<tr><td>SQL Database</td><td><code>microsoft.sql/servers/databases</code></td><td>1</td></tr>
<tr><td>Storage Account</td><td><code>microsoft.storage/storageaccounts</code></td><td>1</td></tr>
<tr><td>App Service Plan</td><td><code>microsoft.web/serverfarms</code></td><td>1</td></tr>
<tr><td>App Service / Function App</td><td><code>microsoft.web/sites</code></td><td>1</td></tr>
</tbody>
</table>


<h2>Avd</h2>

<details open>
<summary>avd_host_pools (1)</summary>
<p class="meta">Azure Virtual Desktop host pools with type, load balancing, and session limits</p>
<table>
<thead><tr><th>id</th><th>name</th><th>location</th><th>resourceGroup</th><th>subscriptionId</th><th>hostPoolType</th><th>loadBalancerType</th><th>maxSessionLimit</th><th>preferredAppGroupType</th></tr></thead>
<tbody>
<tr><td>/subscriptions/sub-prod/resourcegroups/rg-app/providers/microsoft.desktopvirtualization/hostpools/hp-prod</td><td>hp-prod</td><td>uksouth</td><td>rg-app</td><td>sub-prod</td><td>Pooled</td><td>BreadthFirst</td><td>10</td><td>Desktop</td></tr>
</tbody>
</table>
</details>


<h2>Inventory</h2>

<details open>
<summary>resource_type_counts (2)</summary>
<p class="meta">Resource counts by type across the estate</p>
<table>
<thead><tr><th>type</th><th>resourceCount</th></tr></thead>
<tbody>
<tr><td>microsoft.network/virtualnetworks</td><td>2</td></tr>
<tr><td>microsoft.compute/virtualmachines</td><td>1</td></tr>
</tbody>
</table>
</details>


<h2>Monitoring</h2>

<details open>
<summary>log_analytics_workspaces (1)</summary>
<p class="meta">Log Analytics workspaces with SKU, retention, quota, and network access</p>
<table>
<thead><tr><th>id</th><th>name</th><th>location</th><th>resourceGroup</th><th>subscriptionId</th><th>skuName</th><th>retentionInDays</th><th>publicNetworkAccessForIngestion</th><th>publicNetworkAccessForQuery</th></tr></thead>
<tbody>
<tr><td>/subscriptions/sub-prod/resourcegroups/rg-app/providers/microsoft.operationalinsights/workspaces/law-prod</td><td>law-prod</td><td>uksouth</td><td>rg-app</td><td>sub-prod</td><td>PerGB2018</td><td>30</td><td>Enabled</td><td>Enabled</td></tr>
</tbody>
</table>
</details>


<h2>Networking</h2>

<details open>
<summary>virtual_networks (2)</summary>
<p class="meta">Virtual networks with address spaces and DNS settings</p>
<table>
<thead><tr><th>id</th><th>name</th><th>location</th><th>resourceGroup</th><th>subscriptionId</th><th>addressPrefixes</th><th>dnsServers</th><th>subnetCount</th></tr></thead>
<tbody>
<tr><td>/subscriptions/sub-prod/resourcegroups/rg-network/providers/microsoft.network/virtualnetworks/vnet-hub</td><td>vnet-hub</td><td>uksouth</td><td>rg-network</td><td>sub-prod</td><td>["10.0.0.0/16"]</td><td>[]</td><td>2</td></tr>
<tr><td>/subscriptions/sub-prod/resourcegroups/rg-app/providers/microsoft.network/virtualnetworks/vnet-app</td><td>vnet-app</td><td>uksouth</td><td>rg-app</td><td>sub-prod</td><td>["10.1.0.0/16"]</td><td>[]</td><td>1</td></tr>
</tbody>
</table>
</details>



<h2>Subscriptions</h2>

<h3>Development <span class="meta">(sub-dev · 3 resources)</span></h3>

<details>
<summary>rg-dev — UK West (3)</summary>
<table>
<thead><tr><th>Name</th><th>Type</th><th>Location</th><th>Tags</th></tr></thead>
<tbody>
<tr><td>id-web-dev</td><td>Managed Identity</td><td>UK West</td><td></td></tr>
<tr><td>asp-dev</td><td>App Service Plan</td><td>UK West</td><td></td></tr>
<tr><td>web-dev</td><td>App Service / Function App</td><td>UK West</td><td></td></tr>
</tbody>
</table>
</details>


<h3>Production <span class="meta">(sub-prod · 15 resources)</span></h3>

<details>
<summary>rg-app — UK South (12)</summary>
<table>
<thead><tr><th>Name</th><th>Type</th><th>Location</th><th>Tags</th></tr></thead>
<tbody>
<tr><td>vm-app-01-os</td><td>Managed Disk</td><td>UK South</td><td></td></tr>
<tr><td>vm-app-01</td><td>Virtual Machine</td><td>UK South</td><td><code>{"env":"prod"}</code></td></tr>
<tr><td>hp-prod</td><td>AVD Host Pool</td><td>UK South</td><td><code>{"env":"prod"}</code></td></tr>
<tr><td>pe-sql.nic.4f2a</td><td>Network Interface</td><td>UK South</td><td></td></tr>
<tr><td>vm-app-01-nic</td><td>Network Interface</td><td>UK South</td><td></td></tr>
<tr><td>pe-sql</td><td>Private Endpoint</td><td>UK South</td><td></td></tr>
<tr><td>vm-app-01-pip</td><td>Public IP Address</td><td>UK South</td><td></td></tr>
<tr><td>vnet-app</td><td>Virtual Network</td><td>UK South</td><td><code>{"env":"prod"}</code></td></tr>
<tr><td>law-prod</td><td>Log Analytics Workspace</td><td>UK South</td><td><code>{"env":"prod"}</code></td></tr>
<tr><td>sql-prod</td><td>SQL Server</td><td>UK South</td><td><code>{"env":"prod"}</code></td></tr>
<tr><td>app-db</td><td>SQL Database</td><td>UK South</td><td><code>{"env":"prod"}</code></td></tr>
<tr><td>stprodapp01</td><td>Storage Account</td><td>UK South</td><td></td></tr>
</tbody>
</table>
</details>

<details>
<summary>rg-network — UK South (3)</summary>
<table>
<thead><tr><th>Name</th><th>Type</th><th>Location</th><th>Tags</th></tr></thead>
<tbody>
<tr><td>nsg-app</td><td>Network Security Group</td><td>UK South</td><td><code>{"env":"prod"}</code></td></tr>
<tr><td>nsg-unused</td><td>Network Security Group</td><td>UK South</td><td><code>{"env":"prod"}</code></td></tr>
<tr><td>vnet-hub</td><td>Virtual Network</td><td>UK South</td><td><code>{"env":"prod"}</code></td></tr>
</tbody>
</table>
</details>



<p class="meta">Generated by azdocs.</p>
<script>
function filterTable(input, id) {
  const needle = input.value.toLowerCase();
  for (const row of document.getElementById(id).tBodies[0].rows) {
    row.style.display = row.textContent.toLowerCase().includes(needle) ? "" : "none";
  }
}
</script>
</body>
</html>
