---
source: tests/report_golden_test.rs
expression: content
---
# Subscription: Production

[← index](../index.md)

- **Id**: `sub-prod`
- **State**: Enabled
- **Resources**: 15


## rg-app (UK South)

[Resource details →](../resources/production/rg-app.md)

| Name | Type | Location |
|---|---|---|
| vm-app-01-os | Managed Disk | UK South |
| vm-app-01 | Virtual Machine | UK South |
| hp-prod | AVD Host Pool | UK South |
| pe-sql.nic.4f2a | Network Interface | UK South |
| vm-app-01-nic | Network Interface | UK South |
| pe-sql | Private Endpoint | UK South |
| vm-app-01-pip | Public IP Address | UK South |
| vnet-app | Virtual Network | UK South |
| law-prod | Log Analytics Workspace | UK South |
| sql-prod | SQL Server | UK South |
| app-db | SQL Database | UK South |
| stprodapp01 | Storage Account | UK South |


## rg-network (UK South)

[Resource details →](../resources/production/rg-network.md)

| Name | Type | Location |
|---|---|---|
| nsg-app | Network Security Group | UK South |
| nsg-unused | Network Security Group | UK South |
| vnet-hub | Virtual Network | UK South |
