---
source: tests/report_golden_test.rs
expression: content
---
# rg-app

[← index](../../index.md) · [subscription: Production](../../subscriptions/production.md)

- **Subscription**: Production
- **Location**: UK South
- **Resources**: 12


## vm-app-01-os

**Managed Disk** (`microsoft.compute/disks`)

> ⚠️ **LOW** — vm-app-01-os is missing tags: env

| Setting | Value |
|---|---|
| Location | UK South |
| Disk Size GB | 64 |
| Disk State | Attached |

**Related**: vm-app-01 (attached_to)

`/subscriptions/sub-prod/resourceGroups/rg-app/providers/Microsoft.Compute/disks/vm-app-01-os`

## vm-app-01

**Virtual Machine** (`microsoft.compute/virtualmachines`)


| Setting | Value |
|---|---|
| Location | UK South |
| Tags | env=prod |

**Related**: vm-app-01-nic (attached_to) · vm-app-01-os (attached_to)

`/subscriptions/sub-prod/resourceGroups/rg-app/providers/Microsoft.Compute/virtualMachines/vm-app-01`

## hp-prod

**AVD Host Pool** (`microsoft.desktopvirtualization/hostpools`)


| Setting | Value |
|---|---|
| Location | UK South |
| Tags | env=prod |
| Host Pool Type | Pooled |
| Load Balancer Type | BreadthFirst |
| Max Session Limit | 10 |


`/subscriptions/sub-prod/resourceGroups/rg-app/providers/Microsoft.DesktopVirtualization/hostPools/hp-prod`

## pe-sql.nic.4f2a

**Network Interface** (`microsoft.network/networkinterfaces`)

> ⚠️ **LOW** — pe-sql.nic.4f2a is missing tags: env

| Setting | Value |
|---|---|
| Location | UK South |

**Related**: app (nic_in_subnet) · pe-sql (attached_to)

`/subscriptions/sub-prod/resourceGroups/rg-app/providers/Microsoft.Network/networkInterfaces/pe-sql.nic.4f2a`

## vm-app-01-nic

**Network Interface** (`microsoft.network/networkinterfaces`)

> ⚠️ **LOW** — vm-app-01-nic is missing tags: env

| Setting | Value |
|---|---|
| Location | UK South |

**Related**: app (nic_in_subnet) · vm-app-01 (attached_to) · vm-app-01-pip (attached_to)

`/subscriptions/sub-prod/resourceGroups/rg-app/providers/Microsoft.Network/networkInterfaces/vm-app-01-nic`

## pe-sql

**Private Endpoint** (`microsoft.network/privateendpoints`)

> ⚠️ **LOW** — pe-sql is missing tags: env

| Setting | Value |
|---|---|
| Location | UK South |

**Related**: app (nic_in_subnet) · pe-sql.nic.4f2a (attached_to) · sql-prod (private_endpoint_for)

`/subscriptions/sub-prod/resourceGroups/rg-app/providers/Microsoft.Network/privateEndpoints/pe-sql`

## vm-app-01-pip

**Public IP Address** (`microsoft.network/publicipaddresses`)

> ⚠️ **LOW** — vm-app-01-pip is missing tags: env

| Setting | Value |
|---|---|
| Location | UK South |
| Ip Address | 20.0.0.10 |

**Related**: vm-app-01-nic (attached_to)

`/subscriptions/sub-prod/resourceGroups/rg-app/providers/Microsoft.Network/publicIPAddresses/vm-app-01-pip`

## vnet-app

**Virtual Network** (`microsoft.network/virtualnetworks`)


| Setting | Value |
|---|---|
| Location | UK South |
| Tags | env=prod |

**Related**: app (subnet_of) · vnet-hub (peered_with)

`/subscriptions/sub-prod/resourceGroups/rg-app/providers/Microsoft.Network/virtualNetworks/vnet-app`

## law-prod

**Log Analytics Workspace** (`microsoft.operationalinsights/workspaces`)


| Setting | Value |
|---|---|
| Location | UK South |
| Tags | env=prod |
| Retention In Days | 30 |


`/subscriptions/sub-prod/resourceGroups/rg-app/providers/Microsoft.OperationalInsights/workspaces/law-prod`

## sql-prod

**SQL Server** (`microsoft.sql/servers`)


| Setting | Value |
|---|---|
| Location | UK South |
| Tags | env=prod |
| Public Network Access | Disabled |
| Version | 12.0 |

**Related**: app-db (attached_to) · pe-sql (private_endpoint_for)

`/subscriptions/sub-prod/resourceGroups/rg-app/providers/Microsoft.Sql/servers/sql-prod`

## app-db

**SQL Database** (`microsoft.sql/servers/databases`)


| Setting | Value |
|---|---|
| Location | UK South |
| Tags | env=prod |
| Status | Online |
| Current Service Objective Name | S0 |

**Related**: sql-prod (attached_to)

`/subscriptions/sub-prod/resourceGroups/rg-app/providers/Microsoft.Sql/servers/sql-prod/databases/app-db`

## stprodapp01

**Storage Account** (`microsoft.storage/storageaccounts`)

> ⚠️ **HIGH** — stprodapp01 allows public blob access
> ⚠️ **LOW** — stprodapp01 is missing tags: env

| Setting | Value |
|---|---|
| Location | UK South |
| Kind | Storage V2 |
| Allow Blob Public Access | true |
| Supports Https Traffic Only | true |


`/subscriptions/sub-prod/resourceGroups/rg-app/providers/Microsoft.Storage/storageAccounts/stprodapp01`
