---
source: tests/report_golden_test.rs
expression: content
---
# Subscription: Development

[← index](../index.md)

- **Id**: `sub-dev`
- **State**: Enabled
- **Resources**: 3


## rg-dev (UK West)

[Resource details →](../resources/development/rg-dev.md)

| Name | Type | Location |
|---|---|---|
| id-web-dev | Managed Identity | UK West |
| asp-dev | App Service Plan | UK West |
| web-dev | App Service / Function App | UK West |
