---
source: tests/report_golden_test.rs
assertion_line: 84
expression: "std::fs::read_to_string(dir.path().join(file)).unwrap()"
---
id,name,type,kind,location,resource_group,subscription_id,tags
/subscriptions/sub-dev/resourceGroups/rg-dev/providers/Microsoft.Cache/Redis/redis-dev,redis-dev,microsoft.cache/redis,,ukwest,rg-dev,sub-dev,
/subscriptions/sub-dev/resourceGroups/rg-dev/providers/Microsoft.Compute/snapshots/web-dev-snap,web-dev-snap,microsoft.compute/snapshots,,ukwest,rg-dev,sub-dev,
/subscriptions/sub-dev/resourceGroups/rg-dev/providers/Microsoft.ManagedIdentity/userAssignedIdentities/id-unused,id-unused,microsoft.managedidentity/userassignedidentities,,ukwest,rg-dev,sub-dev,
/subscriptions/sub-dev/resourceGroups/rg-dev/providers/Microsoft.ManagedIdentity/userAssignedIdentities/id-web-dev,id-web-dev,microsoft.managedidentity/userassignedidentities,,ukwest,rg-dev,sub-dev,
/subscriptions/sub-dev/resourceGroups/rg-dev/providers/Microsoft.Web/certificates/web-dev-cert,web-dev-cert,microsoft.web/certificates,,ukwest,rg-dev,sub-dev,
/subscriptions/sub-dev/resourceGroups/rg-dev/providers/Microsoft.Web/serverfarms/asp-dev,asp-dev,microsoft.web/serverfarms,,ukwest,rg-dev,sub-dev,
/subscriptions/sub-dev/resourceGroups/rg-dev/providers/Microsoft.Web/sites/web-dev,web-dev,microsoft.web/sites,"app,linux",ukwest,rg-dev,sub-dev,
/subscriptions/sub-prod/resourceGroups/MC_rg-app_aks-prod_uksouth/providers/Microsoft.Compute/virtualMachineScaleSets/aks-nodepool1-12345678-vmss,aks-nodepool1-12345678-vmss,microsoft.compute/virtualmachinescalesets,,uksouth,mc_rg-app_aks-prod_uksouth,sub-prod,"{""aks-managed-clusterName"":""aks-prod"",""aks-managed-poolName"":""nodepool1""}"
/subscriptions/sub-prod/resourceGroups/rg-app/providers/Microsoft.App/containerApps/ca-api,ca-api,microsoft.app/containerapps,,uksouth,rg-app,sub-prod,"{""env"":""prod""}"
/subscriptions/sub-prod/resourceGroups/rg-app/providers/Microsoft.App/managedEnvironments/cae-prod,cae-prod,microsoft.app/managedenvironments,,uksouth,rg-app,sub-prod,"{""env"":""prod""}"
/subscriptions/sub-prod/resourceGroups/rg-app/providers/Microsoft.Compute/availabilitySets/avset-app,avset-app,microsoft.compute/availabilitysets,,uksouth,rg-app,sub-prod,"{""env"":""prod""}"
/subscriptions/sub-prod/resourceGroups/rg-app/providers/Microsoft.Compute/diskEncryptionSets/des-prod,des-prod,microsoft.compute/diskencryptionsets,,uksouth,rg-app,sub-prod,"{""env"":""prod""}"
/subscriptions/sub-prod/resourceGroups/rg-app/providers/Microsoft.Compute/disks/vm-app-01-os,vm-app-01-os,microsoft.compute/disks,,uksouth,rg-app,sub-prod,
/subscriptions/sub-prod/resourceGroups/rg-app/providers/Microsoft.Compute/virtualMachines/vm-app-01,vm-app-01,microsoft.compute/virtualmachines,,uksouth,rg-app,sub-prod,"{""env"":""prod""}"
/subscriptions/sub-prod/resourceGroups/rg-app/providers/Microsoft.ContainerService/managedClusters/aks-prod,aks-prod,microsoft.containerservice/managedclusters,,uksouth,rg-app,sub-prod,"{""env"":""prod""}"
/subscriptions/sub-prod/resourceGroups/rg-app/providers/Microsoft.DBforPostgreSQL/flexibleServers/psql-prod,psql-prod,microsoft.dbforpostgresql/flexibleservers,,uksouth,rg-app,sub-prod,"{""env"":""prod""}"
/subscriptions/sub-prod/resourceGroups/rg-app/providers/Microsoft.DesktopVirtualization/hostPools/hp-prod,hp-prod,microsoft.desktopvirtualization/hostpools,,uksouth,rg-app,sub-prod,"{""env"":""prod""}"
/subscriptions/sub-prod/resourceGroups/rg-app/providers/Microsoft.Insights/components/appi-prod,appi-prod,microsoft.insights/components,web,uksouth,rg-app,sub-prod,"{""env"":""prod""}"
/subscriptions/sub-prod/resourceGroups/rg-app/providers/Microsoft.Insights/dataCollectionRules/dcr-prod,dcr-prod,microsoft.insights/datacollectionrules,,uksouth,rg-app,sub-prod,"{""env"":""prod""}"
/subscriptions/sub-prod/resourceGroups/rg-app/providers/Microsoft.Insights/metricAlerts/alert-cpu,alert-cpu,microsoft.insights/metricalerts,,global,rg-app,sub-prod,"{""env"":""prod""}"
/subscriptions/sub-prod/resourceGroups/rg-app/providers/Microsoft.KeyVault/vaults/kv-prod,kv-prod,microsoft.keyvault/vaults,,uksouth,rg-app,sub-prod,"{""env"":""prod""}"
/subscriptions/sub-prod/resourceGroups/rg-app/providers/Microsoft.Network/applicationGateways/agw-prod,agw-prod,microsoft.network/applicationgateways,,uksouth,rg-app,sub-prod,"{""env"":""prod""}"
/subscriptions/sub-prod/resourceGroups/rg-app/providers/Microsoft.Network/ApplicationGatewayWebApplicationFirewallPolicies/wafpol-prod,wafpol-prod,microsoft.network/applicationgatewaywebapplicationfirewallpolicies,,uksouth,rg-app,sub-prod,"{""env"":""prod""}"
/subscriptions/sub-prod/resourceGroups/rg-app/providers/Microsoft.Network/networkInterfaces/pe-sql.nic.4f2a,pe-sql.nic.4f2a,microsoft.network/networkinterfaces,,uksouth,rg-app,sub-prod,
/subscriptions/sub-prod/resourceGroups/rg-app/providers/Microsoft.Network/networkInterfaces/vm-app-01-nic,vm-app-01-nic,microsoft.network/networkinterfaces,,uksouth,rg-app,sub-prod,
/subscriptions/sub-prod/resourceGroups/rg-app/providers/Microsoft.Network/privateEndpoints/pe-sql,pe-sql,microsoft.network/privateendpoints,,uksouth,rg-app,sub-prod,
/subscriptions/sub-prod/resourceGroups/rg-app/providers/Microsoft.Network/publicIPAddresses/pip-agw,pip-agw,microsoft.network/publicipaddresses,,uksouth,rg-app,sub-prod,
/subscriptions/sub-prod/resourceGroups/rg-app/providers/Microsoft.Network/publicIPAddresses/vm-app-01-pip,vm-app-01-pip,microsoft.network/publicipaddresses,,uksouth,rg-app,sub-prod,
/subscriptions/sub-prod/resourceGroups/rg-app/providers/Microsoft.Network/virtualNetworks/vnet-app,vnet-app,microsoft.network/virtualnetworks,,uksouth,rg-app,sub-prod,"{""env"":""prod""}"
/subscriptions/sub-prod/resourceGroups/rg-app/providers/Microsoft.OperationalInsights/workspaces/law-prod,law-prod,microsoft.operationalinsights/workspaces,,uksouth,rg-app,sub-prod,"{""env"":""prod""}"
/subscriptions/sub-prod/resourceGroups/rg-app/providers/Microsoft.RecoveryServices/vaults/rsv-prod,rsv-prod,microsoft.recoveryservices/vaults,,uksouth,rg-app,sub-prod,"{""env"":""prod""}"
/subscriptions/sub-prod/resourceGroups/rg-app/providers/Microsoft.Sql/servers/sql-prod,sql-prod,microsoft.sql/servers,,uksouth,rg-app,sub-prod,"{""env"":""prod""}"
/subscriptions/sub-prod/resourceGroups/rg-app/providers/Microsoft.Sql/servers/sql-prod/databases/app-db,app-db,microsoft.sql/servers/databases,,uksouth,rg-app,sub-prod,"{""env"":""prod""}"
/subscriptions/sub-prod/resourceGroups/rg-app/providers/Microsoft.Storage/storageAccounts/stprodapp01,stprodapp01,microsoft.storage/storageaccounts,StorageV2,uksouth,rg-app,sub-prod,
/subscriptions/sub-prod/resourceGroups/rg-network/providers/Microsoft.Network/applicationSecurityGroups/asg-web,asg-web,microsoft.network/applicationsecuritygroups,,uksouth,rg-network,sub-prod,"{""env"":""prod""}"
/subscriptions/sub-prod/resourceGroups/rg-network/providers/Microsoft.Network/azureFirewalls/fw-hub,fw-hub,microsoft.network/azurefirewalls,,uksouth,rg-network,sub-prod,"{""env"":""prod""}"
/subscriptions/sub-prod/resourceGroups/rg-network/providers/Microsoft.Network/connections/cn-onprem,cn-onprem,microsoft.network/connections,,uksouth,rg-network,sub-prod,"{""env"":""prod""}"
/subscriptions/sub-prod/resourceGroups/rg-network/providers/Microsoft.Network/firewallPolicies/fwpol-hub,fwpol-hub,microsoft.network/firewallpolicies,,uksouth,rg-network,sub-prod,"{""env"":""prod""}"
/subscriptions/sub-prod/resourceGroups/rg-network/providers/Microsoft.Network/localNetworkGateways/lng-onprem,lng-onprem,microsoft.network/localnetworkgateways,,uksouth,rg-network,sub-prod,"{""env"":""prod""}"
/subscriptions/sub-prod/resourceGroups/rg-network/providers/Microsoft.Network/natGateways/natgw-hub,natgw-hub,microsoft.network/natgateways,,uksouth,rg-network,sub-prod,"{""env"":""prod""}"
/subscriptions/sub-prod/resourceGroups/rg-network/providers/Microsoft.Network/networkSecurityGroups/nsg-app,nsg-app,microsoft.network/networksecuritygroups,,uksouth,rg-network,sub-prod,"{""env"":""prod""}"
/subscriptions/sub-prod/resourceGroups/rg-network/providers/Microsoft.Network/networkSecurityGroups/nsg-unused,nsg-unused,microsoft.network/networksecuritygroups,,uksouth,rg-network,sub-prod,"{""env"":""prod""}"
/subscriptions/sub-prod/resourceGroups/rg-network/providers/Microsoft.Network/privateDnsZones/privatelink.blob.core.windows.net,privatelink.blob.core.windows.net,microsoft.network/privatednszones,,uksouth,rg-network,sub-prod,"{""env"":""prod""}"
/subscriptions/sub-prod/resourceGroups/rg-network/providers/Microsoft.Network/privateDnsZones/privatelink.database.windows.net,privatelink.database.windows.net,microsoft.network/privatednszones,,uksouth,rg-network,sub-prod,"{""env"":""prod""}"
/subscriptions/sub-prod/resourceGroups/rg-network/providers/Microsoft.Network/privateDnsZones/privatelink.database.windows.net/virtualNetworkLinks/link-hub,link-hub,microsoft.network/privatednszones/virtualnetworklinks,,global,rg-network,sub-prod,"{""env"":""prod""}"
/subscriptions/sub-prod/resourceGroups/rg-network/providers/Microsoft.Network/publicIPAddresses/pip-fw,pip-fw,microsoft.network/publicipaddresses,,uksouth,rg-network,sub-prod,"{""env"":""prod""}"
/subscriptions/sub-prod/resourceGroups/rg-network/providers/Microsoft.Network/publicIPAddresses/pip-natgw,pip-natgw,microsoft.network/publicipaddresses,,uksouth,rg-network,sub-prod,"{""env"":""prod""}"
/subscriptions/sub-prod/resourceGroups/rg-network/providers/Microsoft.Network/publicIPAddresses/pip-vgw,pip-vgw,microsoft.network/publicipaddresses,,uksouth,rg-network,sub-prod,"{""env"":""prod""}"
/subscriptions/sub-prod/resourceGroups/rg-network/providers/Microsoft.Network/routeTables/rt-shared,rt-shared,microsoft.network/routetables,,uksouth,rg-network,sub-prod,"{""env"":""prod""}"
/subscriptions/sub-prod/resourceGroups/rg-network/providers/Microsoft.Network/routeTables/rt-unused,rt-unused,microsoft.network/routetables,,uksouth,rg-network,sub-prod,"{""env"":""prod""}"
/subscriptions/sub-prod/resourceGroups/rg-network/providers/Microsoft.Network/virtualNetworkGateways/vgw-hub,vgw-hub,microsoft.network/virtualnetworkgateways,,uksouth,rg-network,sub-prod,"{""env"":""prod""}"
/subscriptions/sub-prod/resourceGroups/rg-network/providers/Microsoft.Network/virtualNetworks/vnet-hub,vnet-hub,microsoft.network/virtualnetworks,,uksouth,rg-network,sub-prod,"{""env"":""prod""}"
