---
source: tests/report_golden_test.rs
expression: content
---
# Subscription: Production

[← index](../index.md)

- **Id**: `sub-prod`
- **State**: Enabled
- **Resources**: 13


## rg-app (uksouth)

[Resource details →](../resources/production/rg-app.md)

| Name | Type | Location |
|---|---|---|
| vm-app-01-os | Managed Disk | uksouth |
| vm-app-01 | Virtual Machine | uksouth |
| hp-prod | hostpools | uksouth |
| vm-app-01-nic | Network Interface | uksouth |
| pe-sql | Private Endpoint | uksouth |
| vm-app-01-pip | Public IP Address | uksouth |
| vnet-app | Virtual Network | uksouth |
| law-prod | Log Analytics Workspace | uksouth |
| sql-prod | SQL Server | uksouth |
| stprodapp01 | Storage Account | uksouth |


## rg-network (uksouth)

[Resource details →](../resources/production/rg-network.md)

| Name | Type | Location |
|---|---|---|
| nsg-app | Network Security Group | uksouth |
| nsg-unused | Network Security Group | uksouth |
| vnet-hub | Virtual Network | uksouth |
